---
source: tests/golden_scan_tests.rs
expression: stdout
---
🔍 CostPilot Scan
━━━━━━━━━━━━━━━━━━━━━━━━━━━━━━━━━━━━━━━━━━

📊 Detection
   Found 2 resource changes

💰 Cost Prediction
   Estimated monthly cost: $300.00
   (2 resources analyzed)

━━━━━━━━━━━━━━━━━━━━━━━━━━━━━━━━━━━━━━━━━━
📈 Summary

   📦 Infrastructure Plan
      2 resources (2 to create)
      Estimated new monthly cost: $300.00

   ✓ No optimization opportunities found. Infrastructure looks efficient!
