---
source: tests/snapshot_cdk_tests.rs
expression: diff
---
{
  "Resources": {
    "UsersTable": {
      "ChangeType": "Addition",
      "Properties": {
        "AttributeDefinitions": [
          {
            "AttributeName": "id",
            "AttributeType": "S"
          }
        ],
        "BillingMode": "PAY_PER_REQUEST",
        "KeySchema": [
          {
            "AttributeName": "id",
            "KeyType": "HASH"
          }
        ]
      },
      "Type": "AWS::DynamoDB::Table"
    }
  }
}
