---
source: tests/snapshot_cdk_tests.rs
expression: diff
---
{
  "Resources": {
    "DataBucket": {
      "ChangeType": "Addition",
      "Properties": {
        "BucketName": "my-data-bucket",
        "LifecycleConfiguration": {
          "Rules": [
            {
              "Status": "Enabled",
              "Transitions": [
                {
                  "StorageClass": "GLACIER",
                  "TransitionInDays": 90
                }
              ]
            }
          ]
        },
        "VersioningConfiguration": {
          "Status": "Enabled"
        }
      },
      "Type": "AWS::S3::Bucket"
    }
  }
}
