---
source: tests/snapshot_cloudformation_tests.rs
expression: template
---
{
  "AWSTemplateFormatVersion": "2010-09-09",
  "Resources": {
    "RedisCluster": {
      "Properties": {
        "CacheNodeType": "cache.t3.medium",
        "Engine": "redis",
        "NumCacheNodes": 2,
        "Port": 6379,
        "VpcSecurityGroupIds": [
          {
            "Ref": "RedisSecurityGroup"
          }
        ]
      },
      "Type": "AWS::ElastiCache::CacheCluster"
    }
  }
}
