---
source: tests/snapshot_cdk_tests.rs
expression: diff
---
{
  "Resources": {
    "Database": {
      "ChangeType": "Replacement",
      "Properties": {
        "AvailabilityZone": {
          "New": "us-east-1b",
          "Old": "us-east-1a"
        }
      },
      "Type": "AWS::RDS::DBInstance"
    }
  }
}
