---
source: tests/snapshot_cloudformation_tests.rs
expression: template
---
{
  "AWSTemplateFormatVersion": "2010-09-09",
  "Resources": {
    "WebServer": {
      "Properties": {
        "ImageId": "ami-0c55b159cbfafe1f0",
        "InstanceType": "t3.medium",
        "Tags": [
          {
            "Key": "Name",
            "Value": "WebServer"
          }
        ]
      },
      "Type": "AWS::EC2::Instance"
    }
  }
}
