---
source: tests/snapshot_cloudformation_tests.rs
expression: template
---
{
  "AWSTemplateFormatVersion": "2010-09-09",
  "Resources": {
    "UsersTable": {
      "Properties": {
        "AttributeDefinitions": [
          {
            "AttributeName": "id",
            "AttributeType": "S"
          },
          {
            "AttributeName": "email",
            "AttributeType": "S"
          }
        ],
        "BillingMode": "PROVISIONED",
        "GlobalSecondaryIndexes": [
          {
            "IndexName": "EmailIndex",
            "KeySchema": [
              {
                "AttributeName": "email",
                "KeyType": "HASH"
              }
            ],
            "Projection": {
              "ProjectionType": "ALL"
            },
            "ProvisionedThroughput": {
              "ReadCapacityUnits": 10,
              "WriteCapacityUnits": 10
            }
          }
        ],
        "KeySchema": [
          {
            "AttributeName": "id",
            "KeyType": "HASH"
          }
        ],
        "ProvisionedThroughput": {
          "ReadCapacityUnits": 20,
          "WriteCapacityUnits": 20
        },
        "TableName": "Users"
      },
      "Type": "AWS::DynamoDB::Table"
    }
  }
}
