---
source: tests/snapshot_cloudformation_tests.rs
expression: template
---
{
  "AWSTemplateFormatVersion": "2010-09-09",
  "Parameters": {
    "DBPassword": {
      "NoEcho": true,
      "Type": "String"
    }
  },
  "Resources": {
    "Database": {
      "Properties": {
        "AllocatedStorage": "100",
        "DBInstanceClass": "db.t3.medium",
        "Engine": "postgres",
        "EngineVersion": "14.6",
        "MasterUserPassword": {
          "Ref": "DBPassword"
        },
        "MasterUsername": "admin",
        "StorageType": "gp3"
      },
      "Type": "AWS::RDS::DBInstance"
    }
  }
}
